// Jest Snapshot v1, https://goo.gl/fbAQLP

exports[`container matches a snapshot 1`] = `
<Provider
  store={
    Object {
      "dispatch": [Function],
      "getState": [Function],
      "replaceReducer": [Function],
      "subscribe": [Function],
      Symbol(observable): [Function],
    }
  }
>
  <Moods>
    <Controls>
      <section
        className="Controls"
      >
        <button
          onClick={[Function]}
        >
          coffee
        </button>
        <button
          onClick={[Function]}
        >
          snacks
        </button>
        <button
          onClick={[Function]}
        >
          naps
        </button>
        <button
          onClick={[Function]}
        >
          studies
        </button>
      </section>
    </Controls>
    <Face
      emoji="ðŸ˜ "
    >
      <p
        className="Face"
      >
        ðŸ˜ 
      </p>
    </Face>
  </Moods>
</Provider>
`;
